
Linker Version 8.7.7.190806
Input Object File: D:\Downloads\ShuttleByDerek\BS45F3235_LIB.OBJ
Input Object File: D:\Downloads\ShuttleByDerek\STARTUP1.OBJ
Input Object File: D:\Downloads\ShuttleByDerek\INITIAL.OBJ
Input Object File: D:\Downloads\ShuttleByDerek\FUNCTION.OBJ

Input Library File: C:\Program Files\Holtek MCU Development Tools\HT-IDE3000V8.x\LIB\LIBHOLTEKGCC.LIB
Input Library File: C:\Program Files\Holtek MCU Development Tools\HT-IDE3000V8.x\LIB\v3_mrsc.lib


     Bank    Start     End      Length     Class    AvgIns    Name
     00h     0000h     0000h    0001h      CODE               @code (D:\Downloads\ShuttleByDerek\BS45F3235_LIB.OBJ)
     00h     0001h     000fh    000fh      CODE               @start (D:\Downloads\ShuttleByDerek\BS45F3235_LIB.OBJ)
     00h     0010h     0026h    0017h      CODE               @ROMDATA_BASE (D:\Downloads\ShuttleByDerek\STARTUP1.OBJ)
     00h     0027h     0042h    001ch      CODE               _uart_sent (D:\Downloads\ShuttleByDerek\BS45F3235_LIB.OBJ)
     00h     0043h     0091h    004fh      CODE               _ktbl_init (D:\Downloads\ShuttleByDerek\BS45F3235_LIB.OBJ)
     00h     0092h     0112h    0081h      CODE               _transDist (D:\Downloads\ShuttleByDerek\BS45F3235_LIB.OBJ)
     00h     0113h     0156h    0044h      CODE               _main (D:\Downloads\ShuttleByDerek\BS45F3235_LIB.OBJ)
     00h     0157h     016fh    0019h      CODE               _initial_opa (D:\Downloads\ShuttleByDerek\INITIAL.OBJ)
     00h     0170h     0174h    0005h      CODE               _initial_adc (D:\Downloads\ShuttleByDerek\INITIAL.OBJ)
     00h     0175h     017ah    0006h      CODE               _halt_set (D:\Downloads\ShuttleByDerek\INITIAL.OBJ)
     00h     017bh     017dh    0003h      CODE               _wake_set (D:\Downloads\ShuttleByDerek\INITIAL.OBJ)
     00h     017eh     0188h    000bh      CODE               _clear_ram (D:\Downloads\ShuttleByDerek\INITIAL.OBJ)
     00h     0189h     021bh    0093h      CODE               _opa_offset (D:\Downloads\ShuttleByDerek\INITIAL.OBJ)
     00h     021ch     0249h    002eh      CODE               _initial (D:\Downloads\ShuttleByDerek\INITIAL.OBJ)
     00h     024ah     026bh    0022h      CODE               _opa_adc (D:\Downloads\ShuttleByDerek\FUNCTION.OBJ)
     00h     026ch     0275h    000ah      CODE               __DELAYX (C:\Program Files\Holtek MCU Development Tools\HT-IDE3000V8.x\LIB\LIBHOLTEKGCC.LIB)
     00h     0276h     0283h    000eh      CODE               _builtin_holtek_delay_isr00 (C:\Program Files\Holtek MCU Development Tools\HT-IDE3000V8.x\LIB\LIBHOLTEKGCC.LIB)
     00h     0284h     02a8h    0025h      CODE               _builtin_holtek_divmodhi4_isr00 (C:\Program Files\Holtek MCU Development Tools\HT-IDE3000V8.x\LIB\LIBHOLTEKGCC.LIB)
     00h     02a9h     02adh    0005h      CODE               _CROM2PROM (CROM2PROM)
     00h     0040h     0048h    0009h      DATA     3.6667    @HCCINIT0 (D:\Downloads\ShuttleByDerek\BS45F3235_LIB.OBJ)
     00h     0049h     005eh    0016h      DATA     0         @HCCINIT (D:\Downloads\ShuttleByDerek\STARTUP1.OBJ)
     00h     005fh     005fh    0001h      DATA     44        @data_ra (C:\Program Files\Holtek MCU Development Tools\HT-IDE3000V8.x\LIB\LIBHOLTEKGCC.LIB)
     00h     0060h     0060h    0001h      DATA     36        @data_rb (C:\Program Files\Holtek MCU Development Tools\HT-IDE3000V8.x\LIB\LIBHOLTEKGCC.LIB)
     00h     0061h     0061h    0001h      DATA     22        @data_rc (C:\Program Files\Holtek MCU Development Tools\HT-IDE3000V8.x\LIB\LIBHOLTEKGCC.LIB)
     00h     0062h     0062h    0001h      DATA     21        @data_rd (C:\Program Files\Holtek MCU Development Tools\HT-IDE3000V8.x\LIB\LIBHOLTEKGCC.LIB)
     00h     0063h     0063h    0001h      DATA     21        @data_re (C:\Program Files\Holtek MCU Development Tools\HT-IDE3000V8.x\LIB\LIBHOLTEKGCC.LIB)
     00h     0064h     0064h    0001h      DATA     12        @data_rf (C:\Program Files\Holtek MCU Development Tools\HT-IDE3000V8.x\LIB\LIBHOLTEKGCC.LIB)
     00h     0065h     0065h    0001h      DATA     12        @data_rg (C:\Program Files\Holtek MCU Development Tools\HT-IDE3000V8.x\LIB\LIBHOLTEKGCC.LIB)
     00h     0066h     0066h    0001h      DATA     6         @data_rh (C:\Program Files\Holtek MCU Development Tools\HT-IDE3000V8.x\LIB\LIBHOLTEKGCC.LIB)

     Local Sections

     Bank    Start     End      Length     Class    AvgIns    Name
     00h     006fh     006fh    0000h      LOCAL    0         @dummy (D:\Downloads\ShuttleByDerek\BS45F3235_LIB.OBJ)
     00h     006fh     006fh    0000h      LOCAL    0         _main (D:\Downloads\ShuttleByDerek\BS45F3235_LIB.OBJ)
     00h     0067h     0067h    0000h      LOCAL    0         __DELAYX (C:\Program Files\Holtek MCU Development Tools\HT-IDE3000V8.x\LIB\LIBHOLTEKGCC.LIB)
     00h     0067h     0067h    0001h      LOCAL    2         _builtin_holtek_delay_isr00 (C:\Program Files\Holtek MCU Development Tools\HT-IDE3000V8.x\LIB\LIBHOLTEKGCC.LIB)
     00h     0067h     0067h    0000h      LOCAL    0         _clear_ram (D:\Downloads\ShuttleByDerek\INITIAL.OBJ)
     00h     0067h     0067h    0000h      LOCAL    0         _initial (D:\Downloads\ShuttleByDerek\INITIAL.OBJ)
     00h     0067h     0067h    0000h      LOCAL    0         _opa_offset (D:\Downloads\ShuttleByDerek\INITIAL.OBJ)
     00h     0067h     0067h    0000h      LOCAL    0         _initial_opa (D:\Downloads\ShuttleByDerek\INITIAL.OBJ)
     00h     0067h     0067h    0000h      LOCAL    0         _initial_adc (D:\Downloads\ShuttleByDerek\INITIAL.OBJ)
     00h     0067h     0067h    0000h      LOCAL    0         _wake_set (D:\Downloads\ShuttleByDerek\INITIAL.OBJ)
     00h     0067h     0068h    0002h      LOCAL    2         _ktbl_init (D:\Downloads\ShuttleByDerek\BS45F3235_LIB.OBJ)
     00h     0067h     0067h    0000h      LOCAL    0         _Crom2Prom (CROM2PROM)
     00h     0067h     0067h    0000h      LOCAL    0         _opa_adc (D:\Downloads\ShuttleByDerek\FUNCTION.OBJ)
     00h     006fh     006fh    0000h      LOCAL    0         _transDist (D:\Downloads\ShuttleByDerek\BS45F3235_LIB.OBJ)
     00h     0067h     006eh    0008h      LOCAL    5.125     _builtin_holtek_divmodhi4_isr00 (C:\Program Files\Holtek MCU Development Tools\HT-IDE3000V8.x\LIB\LIBHOLTEKGCC.LIB)
     00h     0067h     0067h    0000h      LOCAL    0         _uart_sent (D:\Downloads\ShuttleByDerek\BS45F3235_LIB.OBJ)
     00h     0067h     0067h    0000h      LOCAL    0         _halt_set (D:\Downloads\ShuttleByDerek\INITIAL.OBJ)

     Public Symbols Information
     Address            Public by Name
     02aah              _Crom2Prom
     02a9h              _Crom2PromNext
     0048h              _Flag1
     0272h              __DELAYX0
     0271h              __DELAYX1
     0270h              __DELAYX2
     026fh              __DELAYX3
     026eh              __DELAYX4
     026dh              __DELAYX5
     026ch              __DELAYX6
     027bh              __DELAYY0_isr00
     027ah              __DELAYY1_isr00
     0279h              __DELAYY2_isr00
     0278h              __DELAYY3_isr00
     0277h              __DELAYY4_isr00
     0276h              __DELAYY5_isr00
     0046h              _adc_16bit
     0042h              _adc_count
     0284h              _builtin_holtek_udivmodhi4_isr00
     0069h              _builtin_holtek_udivmodhi4_isr00_2
     017eh              _clear_ram
     0043h              _distance
     0175h              _halt_set
     0041h              _i
     021ch              _initial
     0170h              _initial_adc
     0157h              _initial_opa
     0049h              _ktbl
     0043h              _ktbl_init
     0113h              _main
     0001h              _main_startup
     0044h              _max_adc
     0040h              _myCounter
     024ah              _opa_adc
     0189h              _opa_offset
     0092h              _transDist
     0027h              _uart_sent
     017bh              _wake_set
     005fh              ra
     0060h              rb
     0061h              rc
     0062h              rd
     0063h              re
     0064h              rf
     0065h              rg
     0066h              rh

     Address            Public by Value
     0001h              _main_startup
     0027h              _uart_sent
     0040h              _myCounter
     0041h              _i
     0042h              _adc_count
     0043h              _ktbl_init
     0043h              _distance
     0044h              _max_adc
     0046h              _adc_16bit
     0048h              _Flag1
     0049h              _ktbl
     005fh              ra
     0060h              rb
     0061h              rc
     0062h              rd
     0063h              re
     0064h              rf
     0065h              rg
     0066h              rh
     0069h              _builtin_holtek_udivmodhi4_isr00_2
     0092h              _transDist
     0113h              _main
     0157h              _initial_opa
     0170h              _initial_adc
     0175h              _halt_set
     017bh              _wake_set
     017eh              _clear_ram
     0189h              _opa_offset
     021ch              _initial
     024ah              _opa_adc
     026ch              __DELAYX6
     026dh              __DELAYX5
     026eh              __DELAYX4
     026fh              __DELAYX3
     0270h              __DELAYX2
     0271h              __DELAYX1
     0272h              __DELAYX0
     0276h              __DELAYY5_isr00
     0277h              __DELAYY4_isr00
     0278h              __DELAYY3_isr00
     0279h              __DELAYY2_isr00
     027ah              __DELAYY1_isr00
     027bh              __DELAYY0_isr00
     0284h              _builtin_holtek_udivmodhi4_isr00
     02a9h              _Crom2PromNext
     02aah              _Crom2Prom


ROM Usage Statistics
     Size      Used     Percentage
     0800h     02aeh    33%

RAM Usage Statistics
    Bank      Size      Used     Percentage
     00h       0040h     002fh    73%
     Total     0040h     002fh    73%

Use Stack Count
_main: 2

Call Tree
    @dummy
        _main (0)
            __DELAYX (1)
            _builtin_holtek_delay_isr00 (1)
            _clear_ram (1)
            _initial (1)
                _opa_offset (2)
                _initial_opa (2)
                _initial_adc (2)
            _wake_set (1)
                _initial_adc (2)
            _ktbl_init (1)
                _Crom2Prom (2)
                _Crom2Prom (2)
            _opa_adc (1)
                _initial_adc (2)
            _transDist (1)
                _Crom2Prom (2)
                _Crom2Prom (2)
                _builtin_holtek_divmodhi4_isr00 (2)
            _uart_sent (1)
            _halt_set (1)

HLINK: Program entry point at section '@code' (address 0) of file 'D:\Downloads\ShuttleByDerek\BS45F3235_LIB.OBJ'

Total 0 error(s), Total 0 Warning(s)
